current directory: /workspaces/web/vendor/bundle/ruby/3.4.0/gems/date-3.5.1/ext/date
/home/vscode/.local/share/mise/installs/ruby/3.4.7/bin/ruby extconf.rb
checking for rb_category_warn()... yes
checking for timezone in time.h with -Werror... yes
checking for altzone in time.h with -Werror... no
creating Makefile

current directory: /workspaces/web/vendor/bundle/ruby/3.4.0/gems/date-3.5.1/ext/date
make DESTDIR\= sitearchdir\=./.gem.20260415-23119-6fczvf sitelibdir\=./.gem.20260415-23119-6fczvf clean

current directory: /workspaces/web/vendor/bundle/ruby/3.4.0/gems/date-3.5.1/ext/date
make DESTDIR\= sitearchdir\=./.gem.20260415-23119-6fczvf sitelibdir\=./.gem.20260415-23119-6fczvf
compiling date_core.c
compiling date_parse.c
compiling date_strftime.c
compiling date_strptime.c
linking shared-object date_core.so

current directory: /workspaces/web/vendor/bundle/ruby/3.4.0/gems/date-3.5.1/ext/date
make DESTDIR\= sitearchdir\=./.gem.20260415-23119-6fczvf sitelibdir\=./.gem.20260415-23119-6fczvf install
/usr/bin/install -c -m 0755 date_core.so ./.gem.20260415-23119-6fczvf

current directory: /workspaces/web/vendor/bundle/ruby/3.4.0/gems/date-3.5.1/ext/date
make DESTDIR\= sitearchdir\=./.gem.20260415-23119-6fczvf sitelibdir\=./.gem.20260415-23119-6fczvf clean
