current directory: /workspaces/web/vendor/bundle/ruby/3.4.0/gems/psych-5.3.1/ext/psych
/home/vscode/.local/share/mise/installs/ruby/3.4.7/bin/ruby extconf.rb
checking for pkg-config for yaml-0.1... [" ", "", "-lyaml"]
creating Makefile

current directory: /workspaces/web/vendor/bundle/ruby/3.4.0/gems/psych-5.3.1/ext/psych
make DESTDIR\= sitearchdir\=./.gem.20260415-23119-7cb4au sitelibdir\=./.gem.20260415-23119-7cb4au clean
cd libyaml && make clean
/bin/sh: 1: cd: can't cd to libyaml
make: [Makefile:287: clean-so] Error 2 (ignored)

current directory: /workspaces/web/vendor/bundle/ruby/3.4.0/gems/psych-5.3.1/ext/psych
make DESTDIR\= sitearchdir\=./.gem.20260415-23119-7cb4au sitelibdir\=./.gem.20260415-23119-7cb4au
compiling psych.c
compiling psych_emitter.c
compiling psych_parser.c
compiling psych_to_ruby.c
compiling psych_yaml_tree.c
linking shared-object psych.so

current directory: /workspaces/web/vendor/bundle/ruby/3.4.0/gems/psych-5.3.1/ext/psych
make DESTDIR\= sitearchdir\=./.gem.20260415-23119-7cb4au sitelibdir\=./.gem.20260415-23119-7cb4au install
/usr/bin/install -c -m 0755 psych.so ./.gem.20260415-23119-7cb4au

current directory: /workspaces/web/vendor/bundle/ruby/3.4.0/gems/psych-5.3.1/ext/psych
make DESTDIR\= sitearchdir\=./.gem.20260415-23119-7cb4au sitelibdir\=./.gem.20260415-23119-7cb4au clean
cd libyaml && make clean
/bin/sh: 1: cd: can't cd to libyaml
make: [Makefile:287: clean-so] Error 2 (ignored)
