current directory: /workspaces/web/vendor/bundle/ruby/3.4.0/gems/json-2.18.1/ext/json/ext/parser
/home/vscode/.local/share/mise/installs/ruby/3.4.7/bin/ruby extconf.rb
checking for rb_enc_interned_str() in ruby/encoding.h... yes
checking for rb_str_to_interned_str() in ruby.h... yes
checking for rb_hash_new_capa() in ruby.h... yes
checking for rb_hash_bulk_insert() in ruby.h... yes
checking for whether -std=c99 is accepted as CFLAGS... yes
checking for arm_neon.h... yes
checking for cpuid.h... no
creating Makefile

current directory: /workspaces/web/vendor/bundle/ruby/3.4.0/gems/json-2.18.1/ext/json/ext/parser
make DESTDIR\= sitearchdir\=./.gem.20260415-23119-iilr3a sitelibdir\=./.gem.20260415-23119-iilr3a clean

current directory: /workspaces/web/vendor/bundle/ruby/3.4.0/gems/json-2.18.1/ext/json/ext/parser
make DESTDIR\= sitearchdir\=./.gem.20260415-23119-iilr3a sitelibdir\=./.gem.20260415-23119-iilr3a
compiling parser.c
linking shared-object json/ext/parser.so

current directory: /workspaces/web/vendor/bundle/ruby/3.4.0/gems/json-2.18.1/ext/json/ext/parser
make DESTDIR\= sitearchdir\=./.gem.20260415-23119-iilr3a sitelibdir\=./.gem.20260415-23119-iilr3a install
/usr/bin/install -c -m 0755 parser.so ./.gem.20260415-23119-iilr3a/json/ext

current directory: /workspaces/web/vendor/bundle/ruby/3.4.0/gems/json-2.18.1/ext/json/ext/parser
make DESTDIR\= sitearchdir\=./.gem.20260415-23119-iilr3a sitelibdir\=./.gem.20260415-23119-iilr3a clean
