Invoked as: ./configure --host=aarch64-linux-gnu --enable-static --disable-shared --disable-shared --enable-static --enable-fts5 CC=gcc "CFLAGS=-fPIC -O2 -fvisibility=hidden -DSQLITE_DEFAULT_WAL_SYNCHRONOUS=1 -DSQLITE_USE_URI=1 -DSQLITE_ENABLE_DBPAGE_VTAB=1 -DSQLITE_ENABLE_DBSTAT_VTAB=1" --prefix=/workspaces/web/vendor/bundle/ruby/3.4.0/gems/sqlite3-2.9.0/ports/aarch64-linux-gnu/sqlite3/3.51.1
Tclsh: /workspaces/web/vendor/bundle/ruby/3.4.0/gems/sqlite3-2.9.0/ext/sqlite3/tmp/aarch64-linux-gnu/ports/sqlite3/3.51.1/sqlite-autoconf-3510100/jimsh0
Failed: gcc -c -fPIC -O2 -fvisibility=hidden -DSQLITE_DEFAULT_WAL_SYNCHRONOUS=1 -DSQLITE_USE_URI=1 conftest__.c -o conftest__.o
conftest__.c: In function ‘main’:
conftest__.c:3:12: error: size of array ‘_x’ is negative
    3 | static int _x[sizeof(off_t) == 4 ? 1 : -1] = { 1 };
      |            ^~
============
The failed code was:
#include <sys/types.h>
int main(void) {
static int _x[sizeof(off_t) == 4 ? 1 : -1] = { 1 };
return 0;
}
============
Failed: gcc -fPIC -O2 -fvisibility=hidden -DSQLITE_DEFAULT_WAL_SYNCHRONOUS=1 -DSQLITE_USE_URI=1 conftest__.c -o conftest__
/usr/bin/ld: /tmp/cctksSah.o: in function `main':
conftest__.c:(.text.startup+0x8): undefined reference to `localtime_s'
collect2: error: ld returned 1 exit status
============
The failed code was:
extern void localtime_s(void);
int main(void) {
localtime_s();
return 0;
}
============
Failed: gcc -fPIC -O2 -fvisibility=hidden -DSQLITE_DEFAULT_WAL_SYNCHRONOUS=1 -DSQLITE_USE_URI=1 conftest__.c -o conftest__
/usr/bin/ld: /tmp/ccrlkjyy.o: in function `main':
conftest__.c:(.text.startup+0x8): undefined reference to `deflate'
collect2: error: ld returned 1 exit status
============
The failed code was:
extern void deflate(void);
int main(void) {
deflate();
return 0;
}
============
Failed: gcc -rpath /workspaces/web/vendor/bundle/ruby/3.4.0/gems/sqlite3-2.9.0/ports/aarch64-linux-gnu/sqlite3/3.51.1/lib -fPIC -O2 -fvisibility=hidden -DSQLITE_DEFAULT_WAL_SYNCHRONOUS=1 -DSQLITE_USE_URI=1 conftest__.c -o conftest__
gcc: error: unrecognized command-line option ‘-rpath’
============
The failed code was:
int main(void) {

return 0;
}
============
Failed: gcc -fPIC -O2 -fvisibility=hidden -DSQLITE_DEFAULT_WAL_SYNCHRONOUS=1 -DSQLITE_USE_URI=1 conftest__.c -o conftest__
conftest__.c:1:13: warning: conflicting types for built-in function ‘ceil’; expected ‘double(double)’ [-Wbuiltin-declaration-mismatch]
    1 | extern void ceil(void);
      |             ^~~~
conftest__.c:1:1: note: ‘ceil’ is declared in header ‘<math.h>’
  +++ |+#include <math.h>
    1 | extern void ceil(void);
/usr/bin/ld: /tmp/ccSVyyzj.o: in function `main':
conftest__.c:(.text.startup+0x8): undefined reference to `ceil'
collect2: error: ld returned 1 exit status
============
The failed code was:
extern void ceil(void);
int main(void) {
ceil();
return 0;
}
============
Failed: gcc -fPIC -O2 -fvisibility=hidden -DSQLITE_DEFAULT_WAL_SYNCHRONOUS=1 -DSQLITE_USE_URI=1 conftest__.c -o conftest__
/usr/bin/ld: /tmp/cchwvOva.o: in function `main':
conftest__.c:(.text.startup+0x8): undefined reference to `tgetent'
collect2: error: ld returned 1 exit status
============
The failed code was:
extern void tgetent(void);
int main(void) {
tgetent();
return 0;
}
============
Failed: gcc -fPIC -O2 -fvisibility=hidden -DSQLITE_DEFAULT_WAL_SYNCHRONOUS=1 -DSQLITE_USE_URI=1 conftest__.c -o conftest__ -lreadline
/usr/bin/ld: /tmp/ccoQWmC5.o: in function `main':
conftest__.c:(.text.startup+0x8): undefined reference to `tgetent'
collect2: error: ld returned 1 exit status
============
The failed code was:
extern void tgetent(void);
int main(void) {
tgetent();
return 0;
}
============
Failed: gcc -fPIC -O2 -fvisibility=hidden -DSQLITE_DEFAULT_WAL_SYNCHRONOUS=1 -DSQLITE_USE_URI=1 conftest__.c -o conftest__ -lncurses
/usr/bin/ld: /tmp/ccITHyaI.o: in function `main':
conftest__.c:(.text.startup+0x8): undefined reference to `readline'
collect2: error: ld returned 1 exit status
============
The failed code was:
extern void readline(void);
int main(void) {
readline();
return 0;
}
============
